// Jest Snapshot v1, https://goo.gl/fbAQLP

exports[`Checkbox has defaults 1`] = `
<body>
  <div>
    <div
      role="presentation"
    >
      <div
        class="label-wrapper"
      >
        <div
          class="label"
        >
          <label
            for="fart"
            id="fart-label"
          >
            You good?
          </label>
        </div>
      </div>
      <div
        class="control-container"
      >
        <div
          style="position: relative;"
        >
          <input
            aria-describedby="fart-tooltip fartHint"
            class="input"
            id="fart"
            type="checkbox"
          />
          <div
            class="container"
          />
        </div>
      </div>
    </div>
  </div>
</body>
`;

exports[`Checkbox has defaults 2`] = `
Object {
  "checked": false,
  "contains": [Function],
  "dirty": false,
  "id": "fart",
  "name": undefined,
  "value": "off",
}
`;
