// Jest Snapshot v1, https://goo.gl/fbAQLP

exports[`Checkbox has defaults 1`] = `
<body>
  <div>
    <div
      role="presentation"
    >
      <div
        class="label-wrapper"
      >
        <label
          class="label"
          for="fart"
        >
          You good?
        </label>
      </div>
      <div
        class="control-container"
      >
        <input
          aria-describedby="fart-tooltip fartHint"
          class="input"
          id="fart"
          type="checkbox"
        />
      </div>
    </div>
  </div>
</body>
`;

exports[`Checkbox has defaults 2`] = `
Object {
  "checked": false,
  "dirty": false,
  "id": "fart",
  "name": undefined,
  "value": "off",
}
`;
