// Jest Snapshot v1, https://goo.gl/fbAQLP

exports[`src/components/list-option/list-option renders defaults 1`] = `
<body>
  <div>
    <li
      aria-disabled="false"
      aria-selected="false"
      class="option"
      role="option"
      tabindex="0"
    >
      Test option
    </li>
  </div>
</body>
`;
