// Jest Snapshot v1, https://goo.gl/fbAQLP

exports[`<MultiAutocompleter> className API uses class name provided 1`] = `
<body>
  <div>
    <div
      class="unique-container"
      role="presentation"
    >
      <div
        class="label-wrapper"
      >
        <div
          class="label"
        >
          <label
            for="test-id-autocomplete"
            id="test-id-label"
          >
            test label
          </label>
        </div>
      </div>
      <div
        class="control-container"
      >
        <div
          class="form-control-children-container"
          role="presentation"
        >
          <div
            aria-labelledby="test-id-label"
            class="tag-list"
            role="grid"
          >
            <input
              aria-autocomplete="list"
              aria-controls="test-id-listbox"
              aria-describedby="test-id-empty test-id-autocomplete-tooltip"
              aria-expanded="false"
              aria-haspopup="listbox"
              autocomplete="off"
              class="input"
              id="test-id-autocomplete"
              role="combobox"
              value=""
            />
          </div>
          <div
            class="icon-container"
          >
            <svg
              aria-disabled="false"
              class="button"
              height="6"
              role="button"
              tabindex="0"
              width="10"
            >
              <title>
                Open options
              </title>
              <use
                xlink:href="#caret-down.svg"
              />
            </svg>
          </div>
        </div>
      </div>
    </div>
  </div>
</body>
`;

exports[`<MultiAutocompleter> has defaults 1`] = `
<body>
  <div>
    <div
      class="container"
      role="presentation"
    >
      <div
        class="label-wrapper"
      >
        <div
          class="label"
        >
          <label
            for="test-id-autocomplete"
            id="test-id-label"
          >
            test label
          </label>
        </div>
      </div>
      <div
        class="control-container"
      >
        <div
          class="form-control-children-container"
          role="presentation"
        >
          <div
            aria-labelledby="test-id-label"
            class="tag-list"
            role="grid"
          >
            <input
              aria-autocomplete="list"
              aria-controls="test-id-listbox"
              aria-describedby="test-id-empty test-id-autocomplete-tooltip"
              aria-expanded="false"
              aria-haspopup="listbox"
              autocomplete="off"
              class="input"
              id="test-id-autocomplete"
              role="combobox"
              value=""
            />
          </div>
          <div
            class="icon-container"
          >
            <svg
              aria-disabled="false"
              class="button"
              height="6"
              role="button"
              tabindex="0"
              width="10"
            >
              <title>
                Open options
              </title>
              <use
                xlink:href="#caret-down.svg"
              />
            </svg>
          </div>
        </div>
      </div>
    </div>
  </div>
</body>
`;

exports[`<MultiAutocompleter> has defaults 2`] = `
Object {
  "contains": [Function],
  "dirty": false,
  "id": "test-id",
  "name": "field-id",
  "value": Array [],
}
`;
