// Jest Snapshot v1, https://goo.gl/fbAQLP

exports[`Button has defaults 1`] = `
<body>
  <div>
    <button
      class="primary"
    >
      Hello world!
    </button>
  </div>
</body>
`;
