// Jest Snapshot v1, https://goo.gl/fbAQLP

exports[`CustomFieldInputCurrency has defaults 1`] = `
<div
  className="custom-field-input-text"
  data-testid="custom-field-input"
>
  <div
    className="heading-container"
  >
    <label
      className="label"
      htmlFor="foo"
    >
      cash money
    </label>
  </div>
  <div
    className="input-container"
  >
    <input
      className="input"
      data-testid="private-input"
      defaultValue=""
      disabled={false}
      id="foo"
      onBlur={[Function]}
      onChange={[Function]}
      onFocus={[Function]}
      onKeyUp={[Function]}
      readOnly={false}
      required={false}
      type="text"
    />
  </div>
</div>
`;
