// Jest Snapshot v1, https://goo.gl/fbAQLP

exports[`Section Row renders a section-row component 1`] = `
<body>
  <div>
    <div
      class="section-row"
    />
  </div>
</body>
`;
