// Jest Snapshot v1, https://goo.gl/fbAQLP

exports[`Section renders a section component 1`] = `
<body>
  <div>
    <section
      class="section"
    />
  </div>
</body>
`;
