// Jest Snapshot v1, https://goo.gl/fbAQLP

exports[`Textarea has defaults 1`] = `
<body>
  <div>
    <div
      role="presentation"
    >
      <div
        class="label-wrapper"
      >
        <label
          class="label"
          for="foo"
        >
          the label
        </label>
      </div>
      <div
        class="control-container"
      >
        <textarea
          aria-describedby="fooHint"
          class="textarea"
          id="foo"
        />
      </div>
    </div>
  </div>
</body>
`;

exports[`Textarea has defaults 2`] = `
Object {
  "dirty": false,
  "id": "foo",
  "name": undefined,
  "value": "",
}
`;
