// Jest Snapshot v1, https://goo.gl/fbAQLP

exports[`src/components/custom-field-input-date/custom-field-input-date has defaults 1`] = `
<body>
  <div>
    <div>
      <div
        class="date-input"
        role="presentation"
      >
        <label
          class="label"
          for="field-date"
          id="field-date-label"
        >
          Field Date
        </label>
        <div
          class="control-container"
        >
          <input
            class="input"
            id="field-date"
            style="--numIcon: 1;"
            type="text"
            value=""
          />
          <div
            class="icon-container"
          >
            <svg
              class="button"
              height="14"
              role="button"
              tabindex="0"
              width="11"
            >
              <title>
                Field Date calendar button
              </title>
              <use
                xlink:href="#calendar.svg"
              />
            </svg>
          </div>
        </div>
      </div>
    </div>
  </div>
</body>
`;

exports[`src/components/custom-field-input-date/custom-field-input-date has defaults 2`] = `
Object {
  "dirty": false,
  "id": "field-date",
  "name": "field-id",
  "value": "",
}
`;
