// Jest Snapshot v1, https://goo.gl/fbAQLP

exports[`CustomFieldInputNumber has defaults 1`] = `
<body>
  <div>
    <div
      role="presentation"
    >
      <label
        class="label"
        for="test-input"
      >
        Test label
      </label>
      <div
        class="control-container"
      >
        <input
          aria-describedby="test-inputHint"
          class="custom-field-input-text"
          id="test-input"
          name="field-id"
          step="1"
          type="number"
          value=""
        />
      </div>
    </div>
  </div>
</body>
`;

exports[`CustomFieldInputNumber has defaults 2`] = `
Object {
  "dirty": true,
  "focus": [Function],
  "id": "test-input",
  "name": "field-id",
  "validity": ValidityState {},
  "value": "NaN",
}
`;
