// Jest Snapshot v1, https://goo.gl/fbAQLP

exports[`Autocompleter cell control className API can be set 1`] = `
<body>
  <div>
    <table>
      <thead>
        <tr>
          <th
            id="labelled-by"
          >
            Column Header
          </th>
        </tr>
      </thead>
      <tbody>
        <tr>
          <td
            aria-labelledby="labelled-by"
            class="unique-class-name"
            role="gridcell"
          >
            <div
              class="container"
              style="position: relative;"
            >
              <input
                aria-autocomplete="none"
                aria-controls="test-id-single-choice-listbox"
                aria-describedby="test-id-tooltip test-idHint"
                aria-expanded="false"
                aria-haspopup="listbox"
                autocomplete="off"
                class="input"
                id="test-id"
                name="test-name"
                role="combobox"
                style="--numIcon: 3;"
                type="text"
                value=""
              />
              <div
                class="icon-container"
              >
                <svg
                  class="input-icon"
                  height="6"
                  role="img"
                  width="10"
                >
                  <title>
                    Open choices listbox
                  </title>
                  <use
                    xlink:href="#caret-down.svg"
                  />
                </svg>
              </div>
            </div>
          </td>
        </tr>
      </tbody>
    </table>
  </div>
</body>
`;

exports[`Autocompleter cell control has defaults 1`] = `
<body>
  <div>
    <table>
      <thead>
        <tr>
          <th
            id="labelled-by"
          >
            Column Header
          </th>
        </tr>
      </thead>
      <tbody>
        <tr>
          <td
            aria-labelledby="labelled-by"
            class="container"
            role="gridcell"
          >
            <div
              class="container"
              style="position: relative;"
            >
              <input
                aria-autocomplete="none"
                aria-controls="test-id-single-choice-listbox"
                aria-describedby="test-id-tooltip test-idHint"
                aria-expanded="false"
                aria-haspopup="listbox"
                autocomplete="off"
                class="input"
                id="test-id"
                name="test-name"
                role="combobox"
                style="--numIcon: 3;"
                type="text"
                value=""
              />
              <div
                class="icon-container"
              >
                <svg
                  class="input-icon"
                  height="6"
                  role="img"
                  width="10"
                >
                  <title>
                    Open choices listbox
                  </title>
                  <use
                    xlink:href="#caret-down.svg"
                  />
                </svg>
              </div>
            </div>
          </td>
        </tr>
      </tbody>
    </table>
  </div>
</body>
`;

exports[`Autocompleter cell control has defaults 2`] = `
Object {
  "dirty": false,
  "name": "test-name",
  "value": undefined,
}
`;
