// Jest Snapshot v1, https://goo.gl/fbAQLP

exports[`PageHeader has defaults 1`] = `
<body>
  <div>
    <header
      class="container"
    >
      <h1
        class="heading"
      >
        Defaults
      </h1>
    </header>
  </div>
</body>
`;
