// Jest Snapshot v1, https://goo.gl/fbAQLP

exports[`CustomFieldInputText has defaults 1`] = `
<body>
  <div>
    <div
      role="presentation"
    >
      <label
        class="label"
        for="test-input"
        id="test-input-label"
      >
        Test label
      </label>
      <div
        class="control-container"
      >
        <input
          class="input"
          id="test-input"
          name="field-id"
          style="--numIcon: 0;"
          type="text"
          value=""
        />
        <div
          class="icon-container"
        />
      </div>
    </div>
  </div>
</body>
`;

exports[`CustomFieldInputText has defaults 2`] = `
Object {
  "dirty": false,
  "id": "test-input",
  "name": "field-id",
  "valid": true,
  "value": "",
}
`;
