// Jest Snapshot v1, https://goo.gl/fbAQLP

exports[`<FormControlIcons> has defaults 1`] = `
<body>
  <div>
    <div
      class="icons"
    />
  </div>
</body>
`;
